error[E0277]: the trait bound `forma_typenum::typenum::NCons<forma_typenum::typenum::NCons<forma_typenum::typenum::NCons<forma_typenum::typenum::NCons<forma_typenum::typenum::NCons<forma_typenum::typenum::NCons<forma_typenum::typenum::NCons<forma_typenum::typenum::NCons<forma_typenum::typenum::NCons<forma_typenum::typenum::NCons<forma_typenum::typenum::NCons<forma_typenum::typenum::NCons<forma_typenum::typenum::NCons<forma_typenum::typenum::NCons<forma_typenum::typenum::NCons<forma_typenum::typenum::NCons<forma_typenum::typenum::NCons<forma_typenum::typenum::NCons<forma_typenum::typenum::NCons<forma_typenum::typenum::NCons<forma_typenum::typenum::NCons<forma_typenum::typenum::NCons<forma_typenum::typenum::NCons<forma_typenum::typenum::NCons<forma_typenum::typenum::NCons<forma_typenum::typenum::NCons<forma_typenum::typenum::NCons<forma_typenum::typenum::NCons<forma_typenum::typenum::NCons<forma_typenum::typenum::NCons<forma_typenum::typenum::NCons<forma_typenum::typenum::NCons<forma_typenum::typenum::NCons<forma_typenum::typenum::NCons<forma_typenum::typenum::NCons<forma_typenum::typenum::NCons<forma_typenum::typenum::NCons<forma_typenum::typenum::NCons<forma_typenum::typenum::NCons<forma_typenum::typenum::NCons<forma_typenum::typenum::NCons<forma_typenum::typenum::NCons<forma_typenum::typenum::NCons<forma_typenum::typenum::NCons<forma_typenum::typenum::NCons<forma_typenum::typenum::NCons<forma_typenum::typenum::NCons<forma_typenum::typenum::NCons<forma_typenum::typenum::NCons<forma_typenum::typenum::NCons<forma_typenum::typenum::NCons<forma_typenum::typenum::NCons<forma_typenum::typenum::NCons<forma_typenum::typenum::NCons<forma_typenum::typenum::NCons<forma_typenum::typenum::NCons<forma_typenum::typenum::NCons<forma_typenum::typenum::NCons<forma_typenum::typenum::NCons<forma_typenum::typenum::NCons<forma_typenum::typenum::NCons<forma_typenum::typenum::NCons<forma_typenum::typenum::NCons<forma_typenum::typenum::NCons<forma_typenum::typenum::NCons<forma_typenum::typenum::NNil, forma_typenum::typenum::B1>, B0>, B0>, B0>, B0>, B0>, B0>, B0>, B0>, B0>, B0>, B0>, B0>, B0>, B0>, B0>, B0>, B0>, B0>, B0>, B0>, B0>, B0>, B0>, B0>, B0>, B0>, B0>, B0>, B0>, B0>, B0>, B0>, B0>, B0>, B0>, B0>, B0>, B0>, B0>, B0>, B0>, B0>, B0>, B0>, B0>, B0>, B0>, B0>, B0>, B0>, B0>, B0>, B0>, B0>, B0>, B0>, B0>, B0>, B0>, B0>, B0>, B0>, B0>, B0>: ToUsize` is not satisfied
  --> tests/failed/usize_failed1.rs:10:16
   |
10 |     let _ = o1 + o2;
   |                ^ the trait `ToUsize` is not implemented for `forma_typenum::typenum::NCons<forma_typenum::typenum::NCons<forma_typenum::typenum::NCons<forma_typenum::typenum::NCons<forma_typenum::typenum::NCons<forma_typenum::typenum::NCons<forma_typenum::typenum::NCons<forma_typenum::typenum::NCons<forma_typenum::typenum::NCons<forma_typenum::typenum::NCons<forma_typenum::typenum::NCons<forma_typenum::typenum::NCons<forma_typenum::typenum::NCons<forma_typenum::typenum::NCons<forma_typenum::typenum::NCons<forma_typenum::typenum::NCons<forma_typenum::typenum::NCons<forma_typenum::typenum::NCons<forma_typenum::typenum::NCons<forma_typenum::typenum::NCons<forma_typenum::typenum::NCons<forma_typenum::typenum::NCons<forma_typenum::typenum::NCons<forma_typenum::typenum::NCons<forma_typenum::typenum::NCons<forma_typenum::typenum::NCons<forma_typenum::typenum::NCons<forma_typenum::typenum::NCons<forma_typenum::typenum::NCons<forma_typenum::typenum::NCons<forma_typenum::typenum::NCons<forma_typenum::typenum::NCons<forma_typenum::typenum::NCons<forma_typenum::typenum::NCons<forma_typenum::typenum::NCons<forma_typenum::typenum::NCons<forma_typenum::typenum::NCons<forma_typenum::typenum::NCons<forma_typenum::typenum::NCons<forma_typenum::typenum::NCons<forma_typenum::typenum::NCons<forma_typenum::typenum::NCons<forma_typenum::typenum::NCons<forma_typenum::typenum::NCons<forma_typenum::typenum::NCons<forma_typenum::typenum::NCons<forma_typenum::typenum::NCons<forma_typenum::typenum::NCons<forma_typenum::typenum::NCons<forma_typenum::typenum::NCons<forma_typenum::typenum::NCons<forma_typenum::typenum::NCons<forma_typenum::typenum::NCons<forma_typenum::typenum::NCons<forma_typenum::typenum::NCons<forma_typenum::typenum::NCons<forma_typenum::typenum::NCons<forma_typenum::typenum::NCons<forma_typenum::typenum::NCons<forma_typenum::typenum::NCons<forma_typenum::typenum::NCons<forma_typenum::typenum::NCons<forma_typenum::typenum::NCons<forma_typenum::typenum::NCons<forma_typenum::typenum::NCons<forma_typenum::typenum::NNil, forma_typenum::typenum::B1>, B0>, B0>, B0>, B0>, B0>, B0>, B0>, B0>, B0>, B0>, B0>, B0>, B0>, B0>, B0>, B0>, B0>, B0>, B0>, B0>, B0>, B0>, B0>, B0>, B0>, B0>, B0>, B0>, B0>, B0>, B0>, B0>, B0>, B0>, B0>, B0>, B0>, B0>, B0>, B0>, B0>, B0>, B0>, B0>, B0>, B0>, B0>, B0>, B0>, B0>, B0>, B0>, B0>, B0>, B0>, B0>, B0>, B0>, B0>, B0>, B0>, B0>, B0>, B0>`
   |
   = help: the following other types implement trait `ToUsize`:
             forma_typenum::typenum::NCons<forma_typenum::typenum::NCons<forma_typenum::typenum::NCons<forma_typenum::typenum::NCons<forma_typenum::typenum::NCons<forma_typenum::typenum::NCons<forma_typenum::typenum::NCons<forma_typenum::typenum::NCons<forma_typenum::typenum::NCons<forma_typenum::typenum::NCons<forma_typenum::typenum::NCons<forma_typenum::typenum::NCons<forma_typenum::typenum::NCons<forma_typenum::typenum::NCons<forma_typenum::typenum::NCons<forma_typenum::typenum::NCons<forma_typenum::typenum::NCons<forma_typenum::typenum::NCons<forma_typenum::typenum::NCons<forma_typenum::typenum::NCons<forma_typenum::typenum::NCons<forma_typenum::typenum::NCons<forma_typenum::typenum::NCons<forma_typenum::typenum::NCons<forma_typenum::typenum::NCons<forma_typenum::typenum::NCons<forma_typenum::typenum::NCons<forma_typenum::typenum::NCons<forma_typenum::typenum::NCons<forma_typenum::typenum::NCons<forma_typenum::typenum::NCons<forma_typenum::typenum::NCons<forma_typenum::typenum::NCons<forma_typenum::typenum::NCons<forma_typenum::typenum::NCons<forma_typenum::typenum::NCons<forma_typenum::typenum::NCons<forma_typenum::typenum::NCons<forma_typenum::typenum::NCons<forma_typenum::typenum::NCons<forma_typenum::typenum::NCons<forma_typenum::typenum::NCons<forma_typenum::typenum::NCons<forma_typenum::typenum::NCons<forma_typenum::typenum::NCons<forma_typenum::typenum::NCons<forma_typenum::typenum::NCons<forma_typenum::typenum::NCons<forma_typenum::typenum::NCons<forma_typenum::typenum::NCons<forma_typenum::typenum::NCons<forma_typenum::typenum::NCons<forma_typenum::typenum::NCons<forma_typenum::typenum::NCons<forma_typenum::typenum::NCons<forma_typenum::typenum::NCons<forma_typenum::typenum::NCons<forma_typenum::typenum::NCons<forma_typenum::typenum::NCons<forma_typenum::typenum::NCons<forma_typenum::typenum::NCons<forma_typenum::typenum::NCons<forma_typenum::typenum::NCons<forma_typenum::typenum::NCons<forma_typenum::typenum::NNil, BB1>, BB2>, BB3>, BB4>, BB5>, BB6>, BB7>, BB8>, BB9>, BB10>, BB11>, BB12>, BB13>, BB14>, BB15>, BB16>, BB17>, BB18>, BB19>, BB20>, BB21>, BB22>, BB23>, BB24>, BB25>, BB26>, BB27>, BB28>, BB29>, BB30>, BB31>, BB32>, BB33>, BB34>, BB35>, BB36>, BB37>, BB38>, BB39>, BB40>, BB41>, BB42>, BB43>, BB44>, BB45>, BB46>, BB47>, BB48>, BB49>, BB50>, BB51>, BB52>, BB53>, BB54>, BB55>, BB56>, BB57>, BB58>, BB59>, BB60>, BB61>, BB62>, BB63>, BB64>
             forma_typenum::typenum::NCons<forma_typenum::typenum::NCons<forma_typenum::typenum::NCons<forma_typenum::typenum::NCons<forma_typenum::typenum::NCons<forma_typenum::typenum::NCons<forma_typenum::typenum::NCons<forma_typenum::typenum::NCons<forma_typenum::typenum::NCons<forma_typenum::typenum::NCons<forma_typenum::typenum::NCons<forma_typenum::typenum::NCons<forma_typenum::typenum::NCons<forma_typenum::typenum::NCons<forma_typenum::typenum::NCons<forma_typenum::typenum::NCons<forma_typenum::typenum::NCons<forma_typenum::typenum::NCons<forma_typenum::typenum::NCons<forma_typenum::typenum::NCons<forma_typenum::typenum::NCons<forma_typenum::typenum::NCons<forma_typenum::typenum::NCons<forma_typenum::typenum::NCons<forma_typenum::typenum::NCons<forma_typenum::typenum::NCons<forma_typenum::typenum::NCons<forma_typenum::typenum::NCons<forma_typenum::typenum::NCons<forma_typenum::typenum::NCons<forma_typenum::typenum::NCons<forma_typenum::typenum::NCons<forma_typenum::typenum::NCons<forma_typenum::typenum::NCons<forma_typenum::typenum::NCons<forma_typenum::typenum::NCons<forma_typenum::typenum::NCons<forma_typenum::typenum::NCons<forma_typenum::typenum::NCons<forma_typenum::typenum::NCons<forma_typenum::typenum::NCons<forma_typenum::typenum::NCons<forma_typenum::typenum::NCons<forma_typenum::typenum::NCons<forma_typenum::typenum::NCons<forma_typenum::typenum::NCons<forma_typenum::typenum::NCons<forma_typenum::typenum::NCons<forma_typenum::typenum::NCons<forma_typenum::typenum::NCons<forma_typenum::typenum::NCons<forma_typenum::typenum::NCons<forma_typenum::typenum::NCons<forma_typenum::typenum::NCons<forma_typenum::typenum::NCons<forma_typenum::typenum::NCons<forma_typenum::typenum::NCons<forma_typenum::typenum::NCons<forma_typenum::typenum::NCons<forma_typenum::typenum::NCons<forma_typenum::typenum::NCons<forma_typenum::typenum::NCons<forma_typenum::typenum::NCons<forma_typenum::typenum::NNil, BB1>, BB2>, BB3>, BB4>, BB5>, BB6>, BB7>, BB8>, BB9>, BB10>, BB11>, BB12>, BB13>, BB14>, BB15>, BB16>, BB17>, BB18>, BB19>, BB20>, BB21>, BB22>, BB23>, BB24>, BB25>, BB26>, BB27>, BB28>, BB29>, BB30>, BB31>, BB32>, BB33>, BB34>, BB35>, BB36>, BB37>, BB38>, BB39>, BB40>, BB41>, BB42>, BB43>, BB44>, BB45>, BB46>, BB47>, BB48>, BB49>, BB50>, BB51>, BB52>, BB53>, BB54>, BB55>, BB56>, BB57>, BB58>, BB59>, BB60>, BB61>, BB62>, BB63>
             forma_typenum::typenum::NCons<forma_typenum::typenum::NCons<forma_typenum::typenum::NCons<forma_typenum::typenum::NCons<forma_typenum::typenum::NCons<forma_typenum::typenum::NCons<forma_typenum::typenum::NCons<forma_typenum::typenum::NCons<forma_typenum::typenum::NCons<forma_typenum::typenum::NCons<forma_typenum::typenum::NCons<forma_typenum::typenum::NCons<forma_typenum::typenum::NCons<forma_typenum::typenum::NCons<forma_typenum::typenum::NCons<forma_typenum::typenum::NCons<forma_typenum::typenum::NCons<forma_typenum::typenum::NCons<forma_typenum::typenum::NCons<forma_typenum::typenum::NCons<forma_typenum::typenum::NCons<forma_typenum::typenum::NCons<forma_typenum::typenum::NCons<forma_typenum::typenum::NCons<forma_typenum::typenum::NCons<forma_typenum::typenum::NCons<forma_typenum::typenum::NCons<forma_typenum::typenum::NCons<forma_typenum::typenum::NCons<forma_typenum::typenum::NCons<forma_typenum::typenum::NCons<forma_typenum::typenum::NCons<forma_typenum::typenum::NCons<forma_typenum::typenum::NCons<forma_typenum::typenum::NCons<forma_typenum::typenum::NCons<forma_typenum::typenum::NCons<forma_typenum::typenum::NCons<forma_typenum::typenum::NCons<forma_typenum::typenum::NCons<forma_typenum::typenum::NCons<forma_typenum::typenum::NCons<forma_typenum::typenum::NCons<forma_typenum::typenum::NCons<forma_typenum::typenum::NCons<forma_typenum::typenum::NCons<forma_typenum::typenum::NCons<forma_typenum::typenum::NCons<forma_typenum::typenum::NCons<forma_typenum::typenum::NCons<forma_typenum::typenum::NCons<forma_typenum::typenum::NCons<forma_typenum::typenum::NCons<forma_typenum::typenum::NCons<forma_typenum::typenum::NCons<forma_typenum::typenum::NCons<forma_typenum::typenum::NCons<forma_typenum::typenum::NCons<forma_typenum::typenum::NCons<forma_typenum::typenum::NCons<forma_typenum::typenum::NCons<forma_typenum::typenum::NCons<forma_typenum::typenum::NNil, BB1>, BB2>, BB3>, BB4>, BB5>, BB6>, BB7>, BB8>, BB9>, BB10>, BB11>, BB12>, BB13>, BB14>, BB15>, BB16>, BB17>, BB18>, BB19>, BB20>, BB21>, BB22>, BB23>, BB24>, BB25>, BB26>, BB27>, BB28>, BB29>, BB30>, BB31>, BB32>, BB33>, BB34>, BB35>, BB36>, BB37>, BB38>, BB39>, BB40>, BB41>, BB42>, BB43>, BB44>, BB45>, BB46>, BB47>, BB48>, BB49>, BB50>, BB51>, BB52>, BB53>, BB54>, BB55>, BB56>, BB57>, BB58>, BB59>, BB60>, BB61>, BB62>
             forma_typenum::typenum::NCons<forma_typenum::typenum::NCons<forma_typenum::typenum::NCons<forma_typenum::typenum::NCons<forma_typenum::typenum::NCons<forma_typenum::typenum::NCons<forma_typenum::typenum::NCons<forma_typenum::typenum::NCons<forma_typenum::typenum::NCons<forma_typenum::typenum::NCons<forma_typenum::typenum::NCons<forma_typenum::typenum::NCons<forma_typenum::typenum::NCons<forma_typenum::typenum::NCons<forma_typenum::typenum::NCons<forma_typenum::typenum::NCons<forma_typenum::typenum::NCons<forma_typenum::typenum::NCons<forma_typenum::typenum::NCons<forma_typenum::typenum::NCons<forma_typenum::typenum::NCons<forma_typenum::typenum::NCons<forma_typenum::typenum::NCons<forma_typenum::typenum::NCons<forma_typenum::typenum::NCons<forma_typenum::typenum::NCons<forma_typenum::typenum::NCons<forma_typenum::typenum::NCons<forma_typenum::typenum::NCons<forma_typenum::typenum::NCons<forma_typenum::typenum::NCons<forma_typenum::typenum::NCons<forma_typenum::typenum::NCons<forma_typenum::typenum::NCons<forma_typenum::typenum::NCons<forma_typenum::typenum::NCons<forma_typenum::typenum::NCons<forma_typenum::typenum::NCons<forma_typenum::typenum::NCons<forma_typenum::typenum::NCons<forma_typenum::typenum::NCons<forma_typenum::typenum::NCons<forma_typenum::typenum::NCons<forma_typenum::typenum::NCons<forma_typenum::typenum::NCons<forma_typenum::typenum::NCons<forma_typenum::typenum::NCons<forma_typenum::typenum::NCons<forma_typenum::typenum::NCons<forma_typenum::typenum::NCons<forma_typenum::typenum::NCons<forma_typenum::typenum::NCons<forma_typenum::typenum::NCons<forma_typenum::typenum::NCons<forma_typenum::typenum::NCons<forma_typenum::typenum::NCons<forma_typenum::typenum::NCons<forma_typenum::typenum::NCons<forma_typenum::typenum::NCons<forma_typenum::typenum::NCons<forma_typenum::typenum::NCons<forma_typenum::typenum::NNil, BB1>, BB2>, BB3>, BB4>, BB5>, BB6>, BB7>, BB8>, BB9>, BB10>, BB11>, BB12>, BB13>, BB14>, BB15>, BB16>, BB17>, BB18>, BB19>, BB20>, BB21>, BB22>, BB23>, BB24>, BB25>, BB26>, BB27>, BB28>, BB29>, BB30>, BB31>, BB32>, BB33>, BB34>, BB35>, BB36>, BB37>, BB38>, BB39>, BB40>, BB41>, BB42>, BB43>, BB44>, BB45>, BB46>, BB47>, BB48>, BB49>, BB50>, BB51>, BB52>, BB53>, BB54>, BB55>, BB56>, BB57>, BB58>, BB59>, BB60>, BB61>
             forma_typenum::typenum::NCons<forma_typenum::typenum::NCons<forma_typenum::typenum::NCons<forma_typenum::typenum::NCons<forma_typenum::typenum::NCons<forma_typenum::typenum::NCons<forma_typenum::typenum::NCons<forma_typenum::typenum::NCons<forma_typenum::typenum::NCons<forma_typenum::typenum::NCons<forma_typenum::typenum::NCons<forma_typenum::typenum::NCons<forma_typenum::typenum::NCons<forma_typenum::typenum::NCons<forma_typenum::typenum::NCons<forma_typenum::typenum::NCons<forma_typenum::typenum::NCons<forma_typenum::typenum::NCons<forma_typenum::typenum::NCons<forma_typenum::typenum::NCons<forma_typenum::typenum::NCons<forma_typenum::typenum::NCons<forma_typenum::typenum::NCons<forma_typenum::typenum::NCons<forma_typenum::typenum::NCons<forma_typenum::typenum::NCons<forma_typenum::typenum::NCons<forma_typenum::typenum::NCons<forma_typenum::typenum::NCons<forma_typenum::typenum::NCons<forma_typenum::typenum::NCons<forma_typenum::typenum::NCons<forma_typenum::typenum::NCons<forma_typenum::typenum::NCons<forma_typenum::typenum::NCons<forma_typenum::typenum::NCons<forma_typenum::typenum::NCons<forma_typenum::typenum::NCons<forma_typenum::typenum::NCons<forma_typenum::typenum::NCons<forma_typenum::typenum::NCons<forma_typenum::typenum::NCons<forma_typenum::typenum::NCons<forma_typenum::typenum::NCons<forma_typenum::typenum::NCons<forma_typenum::typenum::NCons<forma_typenum::typenum::NCons<forma_typenum::typenum::NCons<forma_typenum::typenum::NCons<forma_typenum::typenum::NCons<forma_typenum::typenum::NCons<forma_typenum::typenum::NCons<forma_typenum::typenum::NCons<forma_typenum::typenum::NCons<forma_typenum::typenum::NCons<forma_typenum::typenum::NCons<forma_typenum::typenum::NCons<forma_typenum::typenum::NCons<forma_typenum::typenum::NCons<forma_typenum::typenum::NCons<forma_typenum::typenum::NNil, BB1>, BB2>, BB3>, BB4>, BB5>, BB6>, BB7>, BB8>, BB9>, BB10>, BB11>, BB12>, BB13>, BB14>, BB15>, BB16>, BB17>, BB18>, BB19>, BB20>, BB21>, BB22>, BB23>, BB24>, BB25>, BB26>, BB27>, BB28>, BB29>, BB30>, BB31>, BB32>, BB33>, BB34>, BB35>, BB36>, BB37>, BB38>, BB39>, BB40>, BB41>, BB42>, BB43>, BB44>, BB45>, BB46>, BB47>, BB48>, BB49>, BB50>, BB51>, BB52>, BB53>, BB54>, BB55>, BB56>, BB57>, BB58>, BB59>, BB60>
             forma_typenum::typenum::NCons<forma_typenum::typenum::NCons<forma_typenum::typenum::NCons<forma_typenum::typenum::NCons<forma_typenum::typenum::NCons<forma_typenum::typenum::NCons<forma_typenum::typenum::NCons<forma_typenum::typenum::NCons<forma_typenum::typenum::NCons<forma_typenum::typenum::NCons<forma_typenum::typenum::NCons<forma_typenum::typenum::NCons<forma_typenum::typenum::NCons<forma_typenum::typenum::NCons<forma_typenum::typenum::NCons<forma_typenum::typenum::NCons<forma_typenum::typenum::NCons<forma_typenum::typenum::NCons<forma_typenum::typenum::NCons<forma_typenum::typenum::NCons<forma_typenum::typenum::NCons<forma_typenum::typenum::NCons<forma_typenum::typenum::NCons<forma_typenum::typenum::NCons<forma_typenum::typenum::NCons<forma_typenum::typenum::NCons<forma_typenum::typenum::NCons<forma_typenum::typenum::NCons<forma_typenum::typenum::NCons<forma_typenum::typenum::NCons<forma_typenum::typenum::NCons<forma_typenum::typenum::NCons<forma_typenum::typenum::NCons<forma_typenum::typenum::NCons<forma_typenum::typenum::NCons<forma_typenum::typenum::NCons<forma_typenum::typenum::NCons<forma_typenum::typenum::NCons<forma_typenum::typenum::NCons<forma_typenum::typenum::NCons<forma_typenum::typenum::NCons<forma_typenum::typenum::NCons<forma_typenum::typenum::NCons<forma_typenum::typenum::NCons<forma_typenum::typenum::NCons<forma_typenum::typenum::NCons<forma_typenum::typenum::NCons<forma_typenum::typenum::NCons<forma_typenum::typenum::NCons<forma_typenum::typenum::NCons<forma_typenum::typenum::NCons<forma_typenum::typenum::NCons<forma_typenum::typenum::NCons<forma_typenum::typenum::NCons<forma_typenum::typenum::NCons<forma_typenum::typenum::NCons<forma_typenum::typenum::NCons<forma_typenum::typenum::NCons<forma_typenum::typenum::NCons<forma_typenum::typenum::NNil, BB1>, BB2>, BB3>, BB4>, BB5>, BB6>, BB7>, BB8>, BB9>, BB10>, BB11>, BB12>, BB13>, BB14>, BB15>, BB16>, BB17>, BB18>, BB19>, BB20>, BB21>, BB22>, BB23>, BB24>, BB25>, BB26>, BB27>, BB28>, BB29>, BB30>, BB31>, BB32>, BB33>, BB34>, BB35>, BB36>, BB37>, BB38>, BB39>, BB40>, BB41>, BB42>, BB43>, BB44>, BB45>, BB46>, BB47>, BB48>, BB49>, BB50>, BB51>, BB52>, BB53>, BB54>, BB55>, BB56>, BB57>, BB58>, BB59>
             forma_typenum::typenum::NCons<forma_typenum::typenum::NCons<forma_typenum::typenum::NCons<forma_typenum::typenum::NCons<forma_typenum::typenum::NCons<forma_typenum::typenum::NCons<forma_typenum::typenum::NCons<forma_typenum::typenum::NCons<forma_typenum::typenum::NCons<forma_typenum::typenum::NCons<forma_typenum::typenum::NCons<forma_typenum::typenum::NCons<forma_typenum::typenum::NCons<forma_typenum::typenum::NCons<forma_typenum::typenum::NCons<forma_typenum::typenum::NCons<forma_typenum::typenum::NCons<forma_typenum::typenum::NCons<forma_typenum::typenum::NCons<forma_typenum::typenum::NCons<forma_typenum::typenum::NCons<forma_typenum::typenum::NCons<forma_typenum::typenum::NCons<forma_typenum::typenum::NCons<forma_typenum::typenum::NCons<forma_typenum::typenum::NCons<forma_typenum::typenum::NCons<forma_typenum::typenum::NCons<forma_typenum::typenum::NCons<forma_typenum::typenum::NCons<forma_typenum::typenum::NCons<forma_typenum::typenum::NCons<forma_typenum::typenum::NCons<forma_typenum::typenum::NCons<forma_typenum::typenum::NCons<forma_typenum::typenum::NCons<forma_typenum::typenum::NCons<forma_typenum::typenum::NCons<forma_typenum::typenum::NCons<forma_typenum::typenum::NCons<forma_typenum::typenum::NCons<forma_typenum::typenum::NCons<forma_typenum::typenum::NCons<forma_typenum::typenum::NCons<forma_typenum::typenum::NCons<forma_typenum::typenum::NCons<forma_typenum::typenum::NCons<forma_typenum::typenum::NCons<forma_typenum::typenum::NCons<forma_typenum::typenum::NCons<forma_typenum::typenum::NCons<forma_typenum::typenum::NCons<forma_typenum::typenum::NCons<forma_typenum::typenum::NCons<forma_typenum::typenum::NCons<forma_typenum::typenum::NCons<forma_typenum::typenum::NCons<forma_typenum::typenum::NCons<forma_typenum::typenum::NNil, BB1>, BB2>, BB3>, BB4>, BB5>, BB6>, BB7>, BB8>, BB9>, BB10>, BB11>, BB12>, BB13>, BB14>, BB15>, BB16>, BB17>, BB18>, BB19>, BB20>, BB21>, BB22>, BB23>, BB24>, BB25>, BB26>, BB27>, BB28>, BB29>, BB30>, BB31>, BB32>, BB33>, BB34>, BB35>, BB36>, BB37>, BB38>, BB39>, BB40>, BB41>, BB42>, BB43>, BB44>, BB45>, BB46>, BB47>, BB48>, BB49>, BB50>, BB51>, BB52>, BB53>, BB54>, BB55>, BB56>, BB57>, BB58>
             forma_typenum::typenum::NCons<forma_typenum::typenum::NCons<forma_typenum::typenum::NCons<forma_typenum::typenum::NCons<forma_typenum::typenum::NCons<forma_typenum::typenum::NCons<forma_typenum::typenum::NCons<forma_typenum::typenum::NCons<forma_typenum::typenum::NCons<forma_typenum::typenum::NCons<forma_typenum::typenum::NCons<forma_typenum::typenum::NCons<forma_typenum::typenum::NCons<forma_typenum::typenum::NCons<forma_typenum::typenum::NCons<forma_typenum::typenum::NCons<forma_typenum::typenum::NCons<forma_typenum::typenum::NCons<forma_typenum::typenum::NCons<forma_typenum::typenum::NCons<forma_typenum::typenum::NCons<forma_typenum::typenum::NCons<forma_typenum::typenum::NCons<forma_typenum::typenum::NCons<forma_typenum::typenum::NCons<forma_typenum::typenum::NCons<forma_typenum::typenum::NCons<forma_typenum::typenum::NCons<forma_typenum::typenum::NCons<forma_typenum::typenum::NCons<forma_typenum::typenum::NCons<forma_typenum::typenum::NCons<forma_typenum::typenum::NCons<forma_typenum::typenum::NCons<forma_typenum::typenum::NCons<forma_typenum::typenum::NCons<forma_typenum::typenum::NCons<forma_typenum::typenum::NCons<forma_typenum::typenum::NCons<forma_typenum::typenum::NCons<forma_typenum::typenum::NCons<forma_typenum::typenum::NCons<forma_typenum::typenum::NCons<forma_typenum::typenum::NCons<forma_typenum::typenum::NCons<forma_typenum::typenum::NCons<forma_typenum::typenum::NCons<forma_typenum::typenum::NCons<forma_typenum::typenum::NCons<forma_typenum::typenum::NCons<forma_typenum::typenum::NCons<forma_typenum::typenum::NCons<forma_typenum::typenum::NCons<forma_typenum::typenum::NCons<forma_typenum::typenum::NCons<forma_typenum::typenum::NCons<forma_typenum::typenum::NCons<forma_typenum::typenum::NNil, BB1>, BB2>, BB3>, BB4>, BB5>, BB6>, BB7>, BB8>, BB9>, BB10>, BB11>, BB12>, BB13>, BB14>, BB15>, BB16>, BB17>, BB18>, BB19>, BB20>, BB21>, BB22>, BB23>, BB24>, BB25>, BB26>, BB27>, BB28>, BB29>, BB30>, BB31>, BB32>, BB33>, BB34>, BB35>, BB36>, BB37>, BB38>, BB39>, BB40>, BB41>, BB42>, BB43>, BB44>, BB45>, BB46>, BB47>, BB48>, BB49>, BB50>, BB51>, BB52>, BB53>, BB54>, BB55>, BB56>, BB57>
           and $N others
   = note: required for `forma_typenum::usize::UsizeS<forma_typenum::typenum::NCons<forma_typenum::typenum::NNil, forma_typenum::typenum::B1>>` to implement `Add<forma_typenum::usize::UsizeS<forma_typenum::typenum::NCons<forma_typenum::typenum::NCons<forma_typenum::typenum::NCons<forma_typenum::typenum::NCons<forma_typenum::typenum::NCons<forma_typenum::typenum::NCons<forma_typenum::typenum::NCons<forma_typenum::typenum::NCons<forma_typenum::typenum::NCons<forma_typenum::typenum::NCons<forma_typenum::typenum::NCons<forma_typenum::typenum::NCons<forma_typenum::typenum::NCons<forma_typenum::typenum::NCons<forma_typenum::typenum::NCons<forma_typenum::typenum::NCons<forma_typenum::typenum::NCons<forma_typenum::typenum::NCons<forma_typenum::typenum::NCons<forma_typenum::typenum::NCons<forma_typenum::typenum::NCons<forma_typenum::typenum::NCons<forma_typenum::typenum::NCons<forma_typenum::typenum::NCons<forma_typenum::typenum::NCons<forma_typenum::typenum::NCons<forma_typenum::typenum::NCons<forma_typenum::typenum::NCons<forma_typenum::typenum::NCons<forma_typenum::typenum::NCons<forma_typenum::typenum::NCons<forma_typenum::typenum::NCons<forma_typenum::typenum::NCons<forma_typenum::typenum::NCons<forma_typenum::typenum::NCons<forma_typenum::typenum::NCons<forma_typenum::typenum::NCons<forma_typenum::typenum::NCons<forma_typenum::typenum::NCons<forma_typenum::typenum::NCons<forma_typenum::typenum::NCons<forma_typenum::typenum::NCons<forma_typenum::typenum::NCons<forma_typenum::typenum::NCons<forma_typenum::typenum::NCons<forma_typenum::typenum::NCons<forma_typenum::typenum::NCons<forma_typenum::typenum::NCons<forma_typenum::typenum::NCons<forma_typenum::typenum::NCons<forma_typenum::typenum::NCons<forma_typenum::typenum::NCons<forma_typenum::typenum::NCons<forma_typenum::typenum::NCons<forma_typenum::typenum::NCons<forma_typenum::typenum::NCons<forma_typenum::typenum::NCons<forma_typenum::typenum::NCons<forma_typenum::typenum::NCons<forma_typenum::typenum::NCons<forma_typenum::typenum::NCons<forma_typenum::typenum::NCons<forma_typenum::typenum::NCons<forma_typenum::typenum::NCons<forma_typenum::typenum::NNil, forma_typenum::typenum::B1>, forma_typenum::typenum::B1>, forma_typenum::typenum::B1>, forma_typenum::typenum::B1>, forma_typenum::typenum::B1>, forma_typenum::typenum::B1>, forma_typenum::typenum::B1>, forma_typenum::typenum::B1>, forma_typenum::typenum::B1>, forma_typenum::typenum::B1>, forma_typenum::typenum::B1>, forma_typenum::typenum::B1>, forma_typenum::typenum::B1>, forma_typenum::typenum::B1>, forma_typenum::typenum::B1>, forma_typenum::typenum::B1>, forma_typenum::typenum::B1>, forma_typenum::typenum::B1>, forma_typenum::typenum::B1>, forma_typenum::typenum::B1>, forma_typenum::typenum::B1>, forma_typenum::typenum::B1>, forma_typenum::typenum::B1>, forma_typenum::typenum::B1>, forma_typenum::typenum::B1>, forma_typenum::typenum::B1>, forma_typenum::typenum::B1>, forma_typenum::typenum::B1>, forma_typenum::typenum::B1>, forma_typenum::typenum::B1>, forma_typenum::typenum::B1>, forma_typenum::typenum::B1>, forma_typenum::typenum::B1>, forma_typenum::typenum::B1>, forma_typenum::typenum::B1>, forma_typenum::typenum::B1>, forma_typenum::typenum::B1>, forma_typenum::typenum::B1>, forma_typenum::typenum::B1>, forma_typenum::typenum::B1>, forma_typenum::typenum::B1>, forma_typenum::typenum::B1>, forma_typenum::typenum::B1>, forma_typenum::typenum::B1>, forma_typenum::typenum::B1>, forma_typenum::typenum::B1>, forma_typenum::typenum::B1>, forma_typenum::typenum::B1>, forma_typenum::typenum::B1>, forma_typenum::typenum::B1>, forma_typenum::typenum::B1>, forma_typenum::typenum::B1>, forma_typenum::typenum::B1>, forma_typenum::typenum::B1>, forma_typenum::typenum::B1>, forma_typenum::typenum::B1>, forma_typenum::typenum::B1>, forma_typenum::typenum::B1>, forma_typenum::typenum::B1>, forma_typenum::typenum::B1>, forma_typenum::typenum::B1>, forma_typenum::typenum::B1>, forma_typenum::typenum::B1>, forma_typenum::typenum::B1>>>`
